<?xml version="1.0" encoding="utf-8"?><testsuites><testsuite name="pytest" errors="0" failures="0" skipped="0" tests="2" time="0.016" timestamp="2024-09-23T11:24:20.022646" hostname="debian"><testcase classname="tests.test_main" name="test_add" time="0.000" /><testcase classname="tests.test_main" name="test_subtract" time="0.000" /></testsuite></testsuites>